[backblue.gif]
[fade.gif]
[index.html]
[spacingtech.com/html/electon/electon/img/favicon/favicon.png]
[spacingtech.com/html/electon/electon/img/logo/logo.png]
[spacingtech.com/html/electon/electon/img/menu/cate-menu1.jpg]
[spacingtech.com/html/electon/electon/img/menu/vega-banner1.jpg]
[spacingtech.com/html/electon/electon/img/menu/vega-banner2.jpg]
[spacingtech.com/html/electon/electon/img/menu/cate-menu2.jpg]
[spacingtech.com/html/electon/electon/img/menu/cate-menu3.jpg]
[spacingtech.com/html/electon/electon/img/product/home1-pro-1.jpg]
[spacingtech.com/html/electon/electon/img/product/home1-pro-3.jpg]
[spacingtech.com/html/electon/electon/img/product/home1-pro-5.jpg]
[spacingtech.com/html/electon/electon/img/product/home1-pro-7.jpg]
[spacingtech.com/html/electon/electon/img/product/home1-pro-9.jpg]
[spacingtech.com/html/electon/electon/img/product/home1-pro-13.jpg]
[spacingtech.com/html/electon/electon/img/product/home1-pro-12.jpg]
[spacingtech.com/html/electon/electon/img/menu/cate-menu4.jpg]
[spacingtech.com/html/electon/electon/img/menu/cate-menu5.jpg]
[spacingtech.com/html/electon/electon/img/menu/cate-menu6.jpg]
[spacingtech.com/html/electon/electon/img/menu/cate-menu7.jpg]
[spacingtech.com/html/electon/electon/img/menu/home1-menu-banner1.jpg]
[spacingtech.com/html/electon/electon/img/menu/home1-menu-banner2.jpg]
[spacingtech.com/html/electon/electon/img/menu/home1-menu-banner3.jpg]
[spacingtech.com/html/electon/electon/img/menu/home1-menu-banner4.jpg]
[spacingtech.com/html/electon/electon/img/menu/home-pro-banner1.jpg]
[spacingtech.com/html/electon/electon/img/menu/home-pro-banner2.jpg]
[spacingtech.com/html/electon/electon/img/menu/home-pro-banner3.jpg]
[spacingtech.com/html/electon/electon/img/menu/home-pro-banner4.jpg]
[spacingtech.com/html/electon/electon/img/menu/home-pro-banner5.jpg]
[spacingtech.com/html/electon/electon/img/menu/home-pro-banner6.jpg]
[spacingtech.com/html/electon/electon/img/menu/home-pro-banner7.jpg]
[spacingtech.com/html/electon/electon/img/menu/home-pro-banner8.jpg]
[spacingtech.com/html/electon/electon/img/slider/home1-slider1.jpg]
[spacingtech.com/html/electon/electon/img/slider/home1-mobile-slider1.jpg]
[spacingtech.com/html/electon/electon/img/slider/home1-slider2.jpg]
[spacingtech.com/html/electon/electon/img/slider/home1-mobile-slider2.jpg]
[spacingtech.com/html/electon/electon/img/slider/home1-slider3.jpg]
[spacingtech.com/html/electon/electon/img/slider/home1-mobile-slider3.jpg]
[spacingtech.com/html/electon/electon/img/cat/home-1-cate1.jpg]
[spacingtech.com/html/electon/electon/img/cat/home-1-cate2.jpg]
[spacingtech.com/html/electon/electon/img/cat/home-1-cate3.jpg]
[spacingtech.com/html/electon/electon/img/cat/home-1-cate4.jpg]
[spacingtech.com/html/electon/electon/img/cat/home-1-cate5.jpg]
[spacingtech.com/html/electon/electon/img/cat/home-1-cate6.jpg]
[spacingtech.com/html/electon/electon/img/banner/home-banner-1.jpg]
[spacingtech.com/html/electon/electon/img/banner/home-banner-2.jpg]
[spacingtech.com/html/electon/electon/img/banner/home-banner-3.jpg]
[spacingtech.com/html/electon/electon/img/service/home-ser1.png]
[spacingtech.com/html/electon/electon/img/service/home-ser2.png]
[spacingtech.com/html/electon/electon/img/service/home-ser3.png]
[spacingtech.com/html/electon/electon/img/service/home-ser4.png]
[spacingtech.com/html/electon/electon/img/product/home1-pro-2.jpg]
[spacingtech.com/html/electon/electon/img/product/home1-pro-4.jpg]
[spacingtech.com/html/electon/electon/img/product/home1-pro-6.jpg]
[spacingtech.com/html/electon/electon/img/product/home1-pro-8.jpg]
[spacingtech.com/html/electon/electon/img/product/home1-pro-10.jpg]
[spacingtech.com/html/electon/electon/img/product/home1-pro-11.jpg]
[spacingtech.com/html/electon/electon/img/product/home1-pro-14.jpg]
[spacingtech.com/html/electon/electon/img/product/home1-pro-15.jpg]
[spacingtech.com/html/electon/electon/img/product/home1-pro-16.jpg]
[spacingtech.com/html/electon/electon/img/deal/deal-bg.jpg]
[spacingtech.com/html/electon/electon/img/testi/test-1.jpg]
[spacingtech.com/html/electon/electon/img/testi/test-2.jpg]
[spacingtech.com/html/electon/electon/img/testi/test-3.jpg]
[spacingtech.com/html/electon/electon/img/testi/test-4.jpg]
[spacingtech.com/html/electon/electon/img/testi/test-5.jpg]
[spacingtech.com/html/electon/electon/img/insta/insta-1.jpg]
[spacingtech.com/html/electon/electon/img/insta/insta-2.jpg]
[spacingtech.com/html/electon/electon/img/insta/insta-3.jpg]
[spacingtech.com/html/electon/electon/img/insta/insta-4.jpg]
[spacingtech.com/html/electon/electon/img/insta/insta-5.jpg]
[spacingtech.com/html/electon/electon/img/insta/insta-6.jpg]
[spacingtech.com/html/electon/electon/img/insta/insta-7.jpg]
[spacingtech.com/html/electon/electon/img/brand-logo/home1-brand-logo1.png]
[spacingtech.com/html/electon/electon/img/brand-logo/home1-brand-logo2.png]
[spacingtech.com/html/electon/electon/img/brand-logo/home1-brand-logo3.png]
[spacingtech.com/html/electon/electon/img/brand-logo/home1-brand-logo4.png]
[spacingtech.com/html/electon/electon/img/brand-logo/home1-brand-logo5.png]
[spacingtech.com/html/electon/electon/img/brand-logo/home1-brand-logo6.png]
[spacingtech.com/html/electon/electon/img/footer/home-footer1.jpg]
[spacingtech.com/html/electon/electon/img/footer/home-footer2.jpg]
[spacingtech.com/html/electon/electon/img/payment/pay-1.jpg]
[spacingtech.com/html/electon/electon/img/payment/pay-2.jpg]
[spacingtech.com/html/electon/electon/img/payment/pay-3.jpg]
[spacingtech.com/html/electon/electon/img/payment/pay-4.jpg]
[spacingtech.com/html/electon/electon/js/jquery-3.6.3.min.js]
[spacingtech.com/html/electon/electon/js/popper.min.js]
[spacingtech.com/html/electon/electon/js/bootstrap.min.js]
[spacingtech.com/html/electon/electon/js/jquery.magnific-popup.min.js]
[spacingtech.com/html/electon/electon/js/owl.carousel.min.js]
[spacingtech.com/html/electon/electon/js/swiper-bundle.min.js]
[spacingtech.com/html/electon/electon/js/slick.min.js]
[spacingtech.com/html/electon/electon/js/waypoints.min.js]
[spacingtech.com/html/electon/electon/js/counter.js]
[spacingtech.com/html/electon/electon/js/main.js]
[spacingtech.com/html/electon/electon/index.html]
[spacingtech.com/html/electon/electon/css/bootstrap.min.css]
[spacingtech.com/html/electon/electon/font/boostrap-icons/bootstrap-iconsd4f0.woff]
[spacingtech.com/html/electon/electon/font/boostrap-icons/bootstrap-iconsd4f0.woff2]
[spacingtech.com/html/electon/electon/css/bootstrap-icons.css]
[spacingtech.com/html/electon/electon/css/magnific-popup.css]
[spacingtech.com/html/electon/electon/font/fontawesome/fa-brands-400.woff2]
[spacingtech.com/html/electon/electon/font/fontawesome/fa-brands-400.ttf]
[spacingtech.com/html/electon/electon/font/fontawesome/fa-regular-400.woff2]
[spacingtech.com/html/electon/electon/font/fontawesome/fa-regular-400.ttf]
[spacingtech.com/html/electon/electon/font/fontawesome/fa-solid-900.woff2]
[spacingtech.com/html/electon/electon/font/fontawesome/fa-solid-900.ttf]
[spacingtech.com/html/electon/electon/font/fontawesome/fa-v4compatibility.woff2]
[spacingtech.com/html/electon/electon/font/fontawesome/fa-v4compatibility.ttf]
[spacingtech.com/html/electon/electon/css/all.min.css]
[spacingtech.com/html/electon/electon/font/Feather144f.woff]
[spacingtech.com/html/electon/electon/css/feather.css]
[spacingtech.com/html/electon/electon/css/animate.min.css]
[spacingtech.com/html/electon/electon/css/owl.carousel.min.css]
[spacingtech.com/html/electon/electon/css/owl.theme.default.min.css]
[spacingtech.com/html/electon/electon/css/swiper-bundle.min.css]
[spacingtech.com/html/electon/electon/css/slick.css]
[spacingtech.com/html/electon/electon/css/plugin.html]
[spacingtech.com/html/electon/electon/css/collection.css]
[spacingtech.com/html/electon/electon/css/blog.css]
[spacingtech.com/html/electon/electon/img/breadcrumb/breadcrumb.jpg]
[spacingtech.com/html/electon/electon/img/coming-soon/coming-soon.jpg]
[spacingtech.com/html/electon/electon/css/other-pages.css]
[spacingtech.com/html/electon/electon/css/product-page.css]
[spacingtech.com/html/electon/electon/css/style.css]
[spacingtech.com/html/electon/electon/login-account.html]
[spacingtech.com/html/electon/electon/img/banner/sall-banner.jpg]
[spacingtech.com/html/electon/electon/img/product/home1-pro-17.jpg]
[spacingtech.com/html/electon/electon/img/product/home1-pro-18.jpg]
[spacingtech.com/html/electon/electon/img/product/home1-pro-19.jpg]
[spacingtech.com/html/electon/electon/img/product/home1-pro-20.jpg]
[spacingtech.com/html/electon/electon/img/product/home1-pro-21.jpg]
[spacingtech.com/html/electon/electon/img/product/home1-pro-22.jpg]
[spacingtech.com/html/electon/electon/img/product/home1-pro-23.jpg]
[spacingtech.com/html/electon/electon/img/product/home1-pro-24.jpg]
[spacingtech.com/html/electon/electon/img/banner/side-banner.jpg]
[spacingtech.com/html/electon/electon/collection.html]
[spacingtech.com/html/electon/electon/collection-without.html]
[spacingtech.com/html/electon/electon/collection-right.html]
[spacingtech.com/html/electon/electon/collection-list-without.html]
[spacingtech.com/html/electon/electon/collection-list.html]
[spacingtech.com/html/electon/electon/collection-list-right.html]
[spacingtech.com/html/electon/electon/product-template.html]
[spacingtech.com/html/electon/electon/product-template2.html]
[spacingtech.com/html/electon/electon/product-template3.html]
[spacingtech.com/html/electon/electon/product-template4.html]
[spacingtech.com/html/electon/electon/product-template5.html]
[spacingtech.com/html/electon/electon/product-template6.html]
[spacingtech.com/html/electon/electon/product-template7.html]
[spacingtech.com/html/electon/electon/product-template-2.html]
[spacingtech.com/html/electon/electon/img/favicon/favicon9.png]
[spacingtech.com/html/electon/electon/img/popup/popup-8.jpg]
[spacingtech.com/html/electon/electon/img/logo/logo9.png]
[spacingtech.com/html/electon/electon/img/menu/home9-banner1.jpg]
[spacingtech.com/html/electon/electon/img/menu/home9-banner2.jpg]
[spacingtech.com/html/electon/electon/img/menu/home9-banner3.jpg]
[spacingtech.com/html/electon/electon/img/menu/home9-banner4.jpg]
[spacingtech.com/html/electon/electon/img/menu/home9-collection-banner.jpg]
[spacingtech.com/html/electon/electon/img/menu/icon-img.png]
[spacingtech.com/html/electon/electon/img/cat/cat-icon12.png]
[spacingtech.com/html/electon/electon/img/cat/cat-icon13.png]
[spacingtech.com/html/electon/electon/img/cat/cat-icon14.png]
[spacingtech.com/html/electon/electon/img/cat/cat-icon15.png]
[spacingtech.com/html/electon/electon/img/cat/cat-icon16.png]
[spacingtech.com/html/electon/electon/img/cat/cat-icon17.png]
[spacingtech.com/html/electon/electon/img/cat/cat-icon18.png]
[spacingtech.com/html/electon/electon/img/slider/home9-slider1.jpg]
[spacingtech.com/html/electon/electon/img/slider/home9-mobile-slider1.jpg]
[spacingtech.com/html/electon/electon/img/slider/home9-slider2.jpg]
[spacingtech.com/html/electon/electon/img/slider/home9-mobile-slider2.jpg]
[spacingtech.com/html/electon/electon/img/slider/home9-slider3.jpg]
[spacingtech.com/html/electon/electon/img/slider/home9-mobile-slider3.jpg]
[spacingtech.com/html/electon/electon/img/cart/big-cart.jpg]
[spacingtech.com/html/electon/electon/img/cart/demo9-cart1.jpg]
[spacingtech.com/html/electon/electon/img/cart/demo9-cart2.jpg]
[spacingtech.com/html/electon/electon/img/cart/demo9-cart3.jpg]
[spacingtech.com/html/electon/electon/img/cart/demo9-cart4.jpg]
[spacingtech.com/html/electon/electon/img/cart/demo9-bgcart.jpg]
[spacingtech.com/html/electon/electon/img/product/home9-p1.jpg]
[spacingtech.com/html/electon/electon/img/product/home9-p2.jpg]
[spacingtech.com/html/electon/electon/img/product/home9-p3.jpg]
[spacingtech.com/html/electon/electon/img/product/home9-p4.jpg]
[spacingtech.com/html/electon/electon/img/product/home9-p5.jpg]
[spacingtech.com/html/electon/electon/img/product/home9-p6.jpg]
[spacingtech.com/html/electon/electon/img/product/home9-p7.jpg]
[spacingtech.com/html/electon/electon/img/product/home9-p8.jpg]
[spacingtech.com/html/electon/electon/img/product/home9-p9.jpg]
[spacingtech.com/html/electon/electon/img/product/home9-p10.jpg]
[spacingtech.com/html/electon/electon/img/product/home9-p11.jpg]
[spacingtech.com/html/electon/electon/img/product/home9-p12.jpg]
[spacingtech.com/html/electon/electon/img/product/home9-p13.jpg]
[spacingtech.com/html/electon/electon/img/product/home9-p14.jpg]
[spacingtech.com/html/electon/electon/img/product/home9-p15.jpg]
[spacingtech.com/html/electon/electon/img/product/home9-p16.jpg]
[spacingtech.com/html/electon/electon/img/product/home9-p17.jpg]
[spacingtech.com/html/electon/electon/img/product/home9-p18.jpg]
[spacingtech.com/html/electon/electon/img/product/home9-p19.jpg]
[spacingtech.com/html/electon/electon/img/product/home9-p20.jpg]
[spacingtech.com/html/electon/electon/img/brand-logo/home9-brand-logo1.png]
[spacingtech.com/html/electon/electon/img/brand-logo/home9-brand-logo2.png]
[spacingtech.com/html/electon/electon/img/brand-logo/home9-brand-logo3.png]
[spacingtech.com/html/electon/electon/img/brand-logo/home9-brand-logo4.png]
[spacingtech.com/html/electon/electon/img/brand-logo/home9-brand-logo5.png]
[spacingtech.com/html/electon/electon/img/brand-logo/home9-brand-logo6.png]
[spacingtech.com/html/electon/electon/img/about/home9-about-banner.jpg]
[spacingtech.com/html/electon/electon/img/testi/home9-testi1.jpg]
[spacingtech.com/html/electon/electon/img/testi/home9-testi2.jpg]
[spacingtech.com/html/electon/electon/img/testi/home9-testi3.jpg]
[spacingtech.com/html/electon/electon/img/logo/footer-logo9.png]
[spacingtech.com/html/electon/electon/img/payment/home5-pay1.png]
[spacingtech.com/html/electon/electon/img/payment/home5-pay2.png]
[spacingtech.com/html/electon/electon/img/payment/home5-pay3.png]
[spacingtech.com/html/electon/electon/img/payment/home5-pay4.png]
[spacingtech.com/html/electon/electon/img/cart/home6-cart2.jpg]
[spacingtech.com/html/electon/electon/img/cart/home6-cart1.jpg]
[spacingtech.com/html/electon/electon/img/cart/home6-cart3.jpg]
[spacingtech.com/html/electon/electon/img/cart/home6-cart4.jpg]
[spacingtech.com/html/electon/electon/js/typewriter.js]
[spacingtech.com/html/electon/electon/index2.html]
[spacingtech.com/html/electon/electon/img/favicon/favicon8.png]
[spacingtech.com/html/electon/electon/img/logo/logo8.png]
[spacingtech.com/html/electon/electon/img/menu/home8-menu-banner.jpg]
[spacingtech.com/html/electon/electon/img/menu/home8-menu-banner2.jpg]
[spacingtech.com/html/electon/electon/img/menu/home8-menu-banner3.jpg]
[spacingtech.com/html/electon/electon/img/slider/home8-slider1.jpg]
[spacingtech.com/html/electon/electon/img/slider/home8-mobile-slider1.jpg]
[spacingtech.com/html/electon/electon/img/slider/home8-slider2.jpg]
[spacingtech.com/html/electon/electon/img/slider/home8-mobile-slider2.png]
[spacingtech.com/html/electon/electon/img/cart/home8-cat1.jpg]
[spacingtech.com/html/electon/electon/img/cart/home8-cat2.jpg]
[spacingtech.com/html/electon/electon/img/cart/home8-cat3.jpg]
[spacingtech.com/html/electon/electon/img/cart/home8-cat4.jpg]
[spacingtech.com/html/electon/electon/img/cart/home8-cat5.jpg]
[spacingtech.com/html/electon/electon/img/cart/home8-cat6.jpg]
[spacingtech.com/html/electon/electon/img/banner/home8-banner1.jpg]
[spacingtech.com/html/electon/electon/img/banner/home8-banner2.jpg]
[spacingtech.com/html/electon/electon/img/banner/home8-banner3.jpg]
[spacingtech.com/html/electon/electon/img/product/home8-p1.jpg]
[spacingtech.com/html/electon/electon/img/product/home8-p2.jpg]
[spacingtech.com/html/electon/electon/img/product/home8-p3.jpg]
[spacingtech.com/html/electon/electon/img/product/home8-p4.jpg]
[spacingtech.com/html/electon/electon/img/product/home8-p5.jpg]
[spacingtech.com/html/electon/electon/img/product/home8-p6.jpg]
[spacingtech.com/html/electon/electon/img/product/home8-p7.jpg]
[spacingtech.com/html/electon/electon/img/product/home8-p8.jpg]
[spacingtech.com/html/electon/electon/img/product/home8-p9.jpg]
[spacingtech.com/html/electon/electon/img/product/home8-p10.jpg]
[spacingtech.com/html/electon/electon/img/product/home8-p11.jpg]
[spacingtech.com/html/electon/electon/img/product/home8-p12.jpg]
[spacingtech.com/html/electon/electon/img/product/home8-p13.jpg]
[spacingtech.com/html/electon/electon/img/product/home8-p14.jpg]
[spacingtech.com/html/electon/electon/img/product/home8-p15.jpg]
[spacingtech.com/html/electon/electon/img/product/home8-p16.jpg]
[spacingtech.com/html/electon/electon/img/product/home8-p17.jpg]
[spacingtech.com/html/electon/electon/img/product/home8-p18.jpg]
[spacingtech.com/html/electon/electon/img/product/home8-p19.jpg]
[spacingtech.com/html/electon/electon/img/product/home8-p20.jpg]
[spacingtech.com/html/electon/electon/img/banner/home8-offer-banner1.jpg]
[spacingtech.com/html/electon/electon/img/banner/home8-offer-banner2.jpg]
[spacingtech.com/html/electon/electon/img/brand-logo/home8-brand-logo1.png]
[spacingtech.com/html/electon/electon/img/brand-logo/home8-brand-logo2.png]
[spacingtech.com/html/electon/electon/img/brand-logo/home8-brand-logo3.png]
[spacingtech.com/html/electon/electon/img/brand-logo/home8-brand-logo4.png]
[spacingtech.com/html/electon/electon/img/brand-logo/home8-brand-logo5.png]
[spacingtech.com/html/electon/electon/img/brand-logo/home8-brand-logo6.png]
[spacingtech.com/html/electon/electon/img/logo/footer8-logo.png]
[spacingtech.com/html/electon/electon/index3.html]
[spacingtech.com/html/electon/electon/img/favicon/favicon7.png]
[spacingtech.com/html/electon/electon/img/logo/popup-logo.png]
[spacingtech.com/html/electon/electon/img/logo/logo7.png]
[spacingtech.com/html/electon/electon/img/slider/home7-slider1.jpg]
[spacingtech.com/html/electon/electon/img/slider/home7-mobile-slider1.jpg]
[spacingtech.com/html/electon/electon/img/slider/home7-slider2.jpg]
[spacingtech.com/html/electon/electon/img/slider/home7-mobile-slider2.jpg]
[spacingtech.com/html/electon/electon/img/slider/home7-slider3.jpg]
[spacingtech.com/html/electon/electon/img/slider/home7-mobile-slider3.jpg]
[spacingtech.com/html/electon/electon/img/cat/home7-remote.png]
[spacingtech.com/html/electon/electon/img/cat/home7-laptop.png]
[spacingtech.com/html/electon/electon/img/cat/home7-game.png]
[spacingtech.com/html/electon/electon/img/cat/home7-camera1.png]
[spacingtech.com/html/electon/electon/img/product/home7-p1.jpg]
[spacingtech.com/html/electon/electon/img/product/home7-p2.jpg]
[spacingtech.com/html/electon/electon/img/product/home7-p3.jpg]
[spacingtech.com/html/electon/electon/img/product/home7-p4.jpg]
[spacingtech.com/html/electon/electon/img/product/home7-p5.jpg]
[spacingtech.com/html/electon/electon/img/product/home7-p6.jpg]
[spacingtech.com/html/electon/electon/img/product/home7-p7.jpg]
[spacingtech.com/html/electon/electon/img/product/home7-p8.jpg]
[spacingtech.com/html/electon/electon/img/product/home7-p19.jpg]
[spacingtech.com/html/electon/electon/img/product/home7-p20.jpg]
[spacingtech.com/html/electon/electon/img/product/home7-p23.jpg]
[spacingtech.com/html/electon/electon/img/product/home7-p24.jpg]
[spacingtech.com/html/electon/electon/img/product/home7-p9.jpg]
[spacingtech.com/html/electon/electon/img/product/home7-p10.jpg]
[spacingtech.com/html/electon/electon/img/product/home7-p11.jpg]
[spacingtech.com/html/electon/electon/img/product/home7-p12.jpg]
[spacingtech.com/html/electon/electon/img/product/home7-p13.jpg]
[spacingtech.com/html/electon/electon/img/product/home7-p14.jpg]
[spacingtech.com/html/electon/electon/img/product/home7-p15.jpg]
[spacingtech.com/html/electon/electon/img/product/home7-p16.jpg]
[spacingtech.com/html/electon/electon/img/product/home7-p17.jpg]
[spacingtech.com/html/electon/electon/img/product/home7-p18.jpg]
[spacingtech.com/html/electon/electon/img/product/home7-p21.jpg]
[spacingtech.com/html/electon/electon/img/product/home7-p22.jpg]
[spacingtech.com/html/electon/electon/img/banner/offer-banner.jpg]
[spacingtech.com/html/electon/electon/img/banner/mobile-offer-banner.jpg]
[spacingtech.com/html/electon/electon/img/service/home7-ser1.png]
[spacingtech.com/html/electon/electon/img/service/home7-ser2.png]
[spacingtech.com/html/electon/electon/img/service/home7-ser3.png]
[spacingtech.com/html/electon/electon/img/service/home7-ser4.png]
[spacingtech.com/html/electon/electon/img/brand-logo/home7-brand-logo1.png]
[spacingtech.com/html/electon/electon/img/brand-logo/home7-brand-logo2.png]
[spacingtech.com/html/electon/electon/img/brand-logo/home7-brand-logo3.png]
[spacingtech.com/html/electon/electon/img/brand-logo/home7-brand-logo4.png]
[spacingtech.com/html/electon/electon/img/brand-logo/home7-brand-logo5.png]
[spacingtech.com/html/electon/electon/img/brand-logo/home7-brand-logo6.png]
[spacingtech.com/html/electon/electon/img/blog/home7-blog1.jpg]
[spacingtech.com/html/electon/electon/img/blog/home7-blog2.jpg]
[spacingtech.com/html/electon/electon/img/blog/home7-blog3.jpg]
[spacingtech.com/html/electon/electon/img/blog/home7-blog4.jpg]
[spacingtech.com/html/electon/electon/img/blog/home7-blog5.jpg]
[spacingtech.com/html/electon/electon/img/newsletter/headphone.png]
[spacingtech.com/html/electon/electon/img/logo/footer-logo7.png]
[spacingtech.com/html/electon/electon/img/payment/home5-pay5.png]
[spacingtech.com/html/electon/electon/index4.html]
[spacingtech.com/html/electon/electon/img/favicon/favicon6.png]
[spacingtech.com/html/electon/electon/img/logo/logo6.png]
[spacingtech.com/html/electon/electon/img/menu/home6-banner1.jpg]
[spacingtech.com/html/electon/electon/img/menu/home6-banner2.jpg]
[spacingtech.com/html/electon/electon/img/menu/home6-banner3.jpg]
[spacingtech.com/html/electon/electon/img/slider/home6-slider1.jpg]
[spacingtech.com/html/electon/electon/img/slider/home6-mobile-slider1.jpg]
[spacingtech.com/html/electon/electon/img/slider/home6-slider2.jpg]
[spacingtech.com/html/electon/electon/img/slider/home6-mobile-slider2.jpg]
[spacingtech.com/html/electon/electon/img/banner/home6-custom-banner.jpg]
[spacingtech.com/html/electon/electon/img/banner/home5-banner-big.jpg]
[spacingtech.com/html/electon/electon/img/service/home6-features.jpg]
[spacingtech.com/html/electon/electon/img/blog/home6-blog1.jpg]
[spacingtech.com/html/electon/electon/img/blog/home6-blog2.jpg]
[spacingtech.com/html/electon/electon/img/blog/home6-blog3.jpg]
[spacingtech.com/html/electon/electon/img/blog/home6-blog4.jpg]
[spacingtech.com/html/electon/electon/img/blog/home6-blog5.jpg]
[spacingtech.com/html/electon/electon/img/blog/home6-blog6.jpg]
[spacingtech.com/html/electon/electon/img/brand-logo/home6-brand-logo1.png]
[spacingtech.com/html/electon/electon/img/brand-logo/home6-brand-logo2.png]
[spacingtech.com/html/electon/electon/img/brand-logo/home6-brand-logo3.png]
[spacingtech.com/html/electon/electon/img/brand-logo/home6-brand-logo4.png]
[spacingtech.com/html/electon/electon/img/brand-logo/home6-brand-logo5.png]
[spacingtech.com/html/electon/electon/index5.html]
[spacingtech.com/html/electon/electon/img/favicon/favicon5.png]
[spacingtech.com/html/electon/electon/img/popup/popup-img5.jpg]
[spacingtech.com/html/electon/electon/img/logo/logo5.png]
[spacingtech.com/html/electon/electon/img/menu/home5-mega1.jpg]
[spacingtech.com/html/electon/electon/img/menu/home5-mega2.jpg]
[spacingtech.com/html/electon/electon/img/menu/home5-mega3.jpg]
[spacingtech.com/html/electon/electon/img/menu/home5-category-menu.jpg]
[spacingtech.com/html/electon/electon/img/slider/home5-slider1.jpg]
[spacingtech.com/html/electon/electon/img/slider/home5-mobile-slider1.jpg]
[spacingtech.com/html/electon/electon/img/banner/home4-banner.jpg]
[spacingtech.com/html/electon/electon/img/banner/home4-banner2.jpg]
[spacingtech.com/html/electon/electon/img/service/service-bg.jpg]
[spacingtech.com/html/electon/electon/img/service/features-image-4.png]
[spacingtech.com/html/electon/electon/img/product/home5-pro-1.jpg]
[spacingtech.com/html/electon/electon/img/product/home5-pro-2.jpg]
[spacingtech.com/html/electon/electon/img/product/home5-pro-3.jpg]
[spacingtech.com/html/electon/electon/img/product/home5-pro-4.jpg]
[spacingtech.com/html/electon/electon/img/product/home5-pro-5.jpg]
[spacingtech.com/html/electon/electon/img/product/home5-mini-1.jpg]
[spacingtech.com/html/electon/electon/img/product/home5-mini-2.jpg]
[spacingtech.com/html/electon/electon/img/product/home5-mini-3.jpg]
[spacingtech.com/html/electon/electon/img/product/home5-mini-4.jpg]
[spacingtech.com/html/electon/electon/img/product/home5-mini-5.jpg]
[spacingtech.com/html/electon/electon/img/payment/home5-pay6.png]
[spacingtech.com/html/electon/electon/img/blog/home5-blog1.jpg]
[spacingtech.com/html/electon/electon/img/blog/home5-blog2.jpg]
[spacingtech.com/html/electon/electon/img/blog/home5-blog3.jpg]
[spacingtech.com/html/electon/electon/img/blog/home5-blog4.jpg]
[spacingtech.com/html/electon/electon/img/blog/home5-blog5.jpg]
[spacingtech.com/html/electon/electon/img/blog/home5-blog6.jpg]
[spacingtech.com/html/electon/electon/img/brand-logo/home3-brand-logo1.png]
[spacingtech.com/html/electon/electon/img/brand-logo/home3-brand-logo2.png]
[spacingtech.com/html/electon/electon/img/brand-logo/home3-brand-logo3.png]
[spacingtech.com/html/electon/electon/img/brand-logo/home3-brand-logo4.png]
[spacingtech.com/html/electon/electon/img/brand-logo/home3-brand-logo5.png]
[spacingtech.com/html/electon/electon/img/brand-logo/home3-brand-logo6.png]
[spacingtech.com/html/electon/electon/img/footer/footer-bg.jpg]
[spacingtech.com/html/electon/electon/img/menu/home2-menu1.jpg]
[spacingtech.com/html/electon/electon/img/menu/home2-menu2.jpg]
[spacingtech.com/html/electon/electon/img/menu/home2-menu3.jpg]
[spacingtech.com/html/electon/electon/img/menu/home2-menu4.jpg]
[spacingtech.com/html/electon/electon/img/product/home2-p7.jpg]
[spacingtech.com/html/electon/electon/img/product/home2-p8.jpg]
[spacingtech.com/html/electon/electon/img/product/home2-p9.jpg]
[spacingtech.com/html/electon/electon/img/product/home2-p10.jpg]
[spacingtech.com/html/electon/electon/img/product/home2-p11.jpg]
[spacingtech.com/html/electon/electon/index6.html]
[spacingtech.com/html/electon/electon/img/favicon/favicon4.png]
[spacingtech.com/html/electon/electon/img/popup/popup-img.jpg]
[spacingtech.com/html/electon/electon/img/logo/logo4.png]
[spacingtech.com/html/electon/electon/img/menu/home4-banner1.jpg]
[spacingtech.com/html/electon/electon/img/menu/home4-banner2.jpg]
[spacingtech.com/html/electon/electon/img/menu/home4-banner3.jpg]
[spacingtech.com/html/electon/electon/img/menu/home4-banner4.jpg]
[spacingtech.com/html/electon/electon/img/menu/collectione-banner.jpg]
[spacingtech.com/html/electon/electon/img/slider/home4-slider1.jpg]
[spacingtech.com/html/electon/electon/img/slider/home4-mob1.jpg]
[spacingtech.com/html/electon/electon/img/slider/home4-slider2.jpg]
[spacingtech.com/html/electon/electon/img/slider/home4-mob2.jpg]
[spacingtech.com/html/electon/electon/img/slider/home4-slider3.jpg]
[spacingtech.com/html/electon/electon/img/slider/home4-mob3.jpg]
[spacingtech.com/html/electon/electon/img/banner/demo3-banner1.jpg]
[spacingtech.com/html/electon/electon/img/banner/demo3-banner2.jpg]
[spacingtech.com/html/electon/electon/img/banner/demo3-banner3.jpg]
[spacingtech.com/html/electon/electon/img/banner/demo3-banner4.jpg]
[spacingtech.com/html/electon/electon/img/product/home2-p1.jpg]
[spacingtech.com/html/electon/electon/img/product/home2-p1-a.jpg]
[spacingtech.com/html/electon/electon/img/product/home2-p7-a.jpg]
[spacingtech.com/html/electon/electon/img/product/home2-p2.jpg]
[spacingtech.com/html/electon/electon/img/product/home2-p2-a.jpg]
[spacingtech.com/html/electon/electon/img/product/home2-p8-a.jpg]
[spacingtech.com/html/electon/electon/img/product/home2-p10-a.jpg]
[spacingtech.com/html/electon/electon/img/product/home2-p3.jpg]
[spacingtech.com/html/electon/electon/img/product/home2-p3-a.jpg]
[spacingtech.com/html/electon/electon/img/product/home2-p4.jpg]
[spacingtech.com/html/electon/electon/img/product/home2-p4-a.jpg]
[spacingtech.com/html/electon/electon/img/product/home2-p5.jpg]
[spacingtech.com/html/electon/electon/img/product/home2-p5-a.jpg]
[spacingtech.com/html/electon/electon/img/product/home2-p6.jpg]
[spacingtech.com/html/electon/electon/img/product/home2-p6-a.jpg]
[spacingtech.com/html/electon/electon/img/product/home2-p9-a.jpg]
[spacingtech.com/html/electon/electon/img/banner/full-banner3-1.jpg]
[spacingtech.com/html/electon/electon/img/banner/full-banner3-2.jpg]
[spacingtech.com/html/electon/electon/img/blog/home4-blog1.jpg]
[spacingtech.com/html/electon/electon/img/blog/home4-blog2.jpg]
[spacingtech.com/html/electon/electon/img/blog/home4-blog3.jpg]
[spacingtech.com/html/electon/electon/img/blog/home4-blog4.jpg]
[spacingtech.com/html/electon/electon/img/blog/home4-blog5.jpg]
[spacingtech.com/html/electon/electon/img/blog/home4-blog6.jpg]
[spacingtech.com/html/electon/electon/img/blog/home4-blog7.jpg]
[spacingtech.com/html/electon/electon/img/blog/home4-blog8.jpg]
[spacingtech.com/html/electon/electon/img/brand-logo/home4-brand-logo1.png]
[spacingtech.com/html/electon/electon/img/brand-logo/home4-brand-logo2.png]
[spacingtech.com/html/electon/electon/img/brand-logo/home4-brand-logo3.png]
[spacingtech.com/html/electon/electon/img/brand-logo/home4-brand-logo4.png]
[spacingtech.com/html/electon/electon/img/brand-logo/home4-brand-logo5.png]
[spacingtech.com/html/electon/electon/img/brand-logo/home4-brand-logo6.png]
[spacingtech.com/html/electon/electon/img/brand-logo/home4-brand-logo7.png]
[spacingtech.com/html/electon/electon/img/payment/pay-5.jpg]
[spacingtech.com/html/electon/electon/index7.html]
[spacingtech.com/html/electon/electon/img/favicon/favicon3.png]
[spacingtech.com/html/electon/electon/img/logo/logo3.png]
[spacingtech.com/html/electon/electon/img/cat/cat-icon1.png]
[spacingtech.com/html/electon/electon/img/cat/cat-icon2.png]
[spacingtech.com/html/electon/electon/img/cat/cat-icon3.png]
[spacingtech.com/html/electon/electon/img/menu/category-menu.jpg]
[spacingtech.com/html/electon/electon/img/cat/cat-icon4.png]
[spacingtech.com/html/electon/electon/img/menu/cat-banner1.jpg]
[spacingtech.com/html/electon/electon/img/menu/cat-banner2.jpg]
[spacingtech.com/html/electon/electon/img/cat/cat-icon5.png]
[spacingtech.com/html/electon/electon/img/cat/cat-icon6.png]
[spacingtech.com/html/electon/electon/img/cat/cat-icon7.png]
[spacingtech.com/html/electon/electon/img/cat/cat-icon8.png]
[spacingtech.com/html/electon/electon/img/cat/cat-icon9.png]
[spacingtech.com/html/electon/electon/img/cat/cat-icon10.png]
[spacingtech.com/html/electon/electon/img/cat/cat-icon11.png]
[spacingtech.com/html/electon/electon/img/slider/home3-slider1.jpg]
[spacingtech.com/html/electon/electon/img/slider/home3-mobile-slider1.jpg]
[spacingtech.com/html/electon/electon/img/slider/home3-slider2.jpg]
[spacingtech.com/html/electon/electon/img/slider/home3-mobile-slider2.jpg]
[spacingtech.com/html/electon/electon/img/service/service-icon1.1.png]
[spacingtech.com/html/electon/electon/img/service/service-icon2.2.png]
[spacingtech.com/html/electon/electon/img/service/service-icon3.3.png]
[spacingtech.com/html/electon/electon/img/service/service-icon4.4.png]
[spacingtech.com/html/electon/electon/img/banner/home2-banner-1.jpg]
[spacingtech.com/html/electon/electon/img/banner/home2-banner-2.jpg]
[spacingtech.com/html/electon/electon/img/banner/home2-banner-3.jpg]
[spacingtech.com/html/electon/electon/img/cat/headphones.png]
[spacingtech.com/html/electon/electon/img/cat/vr-glasses.png]
[spacingtech.com/html/electon/electon/img/cat/smartphone.png]
[spacingtech.com/html/electon/electon/img/cat/camera.png]
[spacingtech.com/html/electon/electon/img/cat/leptop.png]
[spacingtech.com/html/electon/electon/img/cat/pen-drive.png]
[spacingtech.com/html/electon/electon/img/cat/speaker.png]
[spacingtech.com/html/electon/electon/img/product/home3-p1.jpg]
[spacingtech.com/html/electon/electon/img/product/home3-p2.jpg]
[spacingtech.com/html/electon/electon/img/product/home3-p3.jpg]
[spacingtech.com/html/electon/electon/img/product/home3-p4.jpg]
[spacingtech.com/html/electon/electon/img/product/home3-p5.jpg]
[spacingtech.com/html/electon/electon/img/product/home3-p6.jpg]
[spacingtech.com/html/electon/electon/img/product/home3-p7.jpg]
[spacingtech.com/html/electon/electon/img/product/home3-p8.jpg]
[spacingtech.com/html/electon/electon/img/product/home3-p9.jpg]
[spacingtech.com/html/electon/electon/img/product/home3-p10.jpg]
[spacingtech.com/html/electon/electon/img/product/home3-p11.jpg]
[spacingtech.com/html/electon/electon/img/product/home3-p12.jpg]
[spacingtech.com/html/electon/electon/img/product/home3-p13.jpg]
[spacingtech.com/html/electon/electon/img/product/home3-p14.jpg]
[spacingtech.com/html/electon/electon/img/product/home3-p15.jpg]
[spacingtech.com/html/electon/electon/img/product/home3-p16.jpg]
[spacingtech.com/html/electon/electon/img/product/home3-p17.jpg]
[spacingtech.com/html/electon/electon/img/product/home3-p18.jpg]
[spacingtech.com/html/electon/electon/img/product/home3-p19.jpg]
[spacingtech.com/html/electon/electon/img/product/home3-p20.jpg]
[spacingtech.com/html/electon/electon/img/product/home3-p21.jpg]
[spacingtech.com/html/electon/electon/img/product/home3-p22.jpg]
[spacingtech.com/html/electon/electon/img/product/home3-p23.jpg]
[spacingtech.com/html/electon/electon/img/product/home3-p24.jpg]
[spacingtech.com/html/electon/electon/img/product/home3-p25.jpg]
[spacingtech.com/html/electon/electon/img/banner/full-banner2-1.jpg]
[spacingtech.com/html/electon/electon/img/banner/full-banner2-2.jpg]
[spacingtech.com/html/electon/electon/img/product/home3-bg.jpg]
[spacingtech.com/html/electon/electon/img/blog/home3-blog1.jpg]
[spacingtech.com/html/electon/electon/img/blog/home3-blog2.jpg]
[spacingtech.com/html/electon/electon/img/blog/home3-blog3.jpg]
[spacingtech.com/html/electon/electon/img/blog/home3-blog4.jpg]
[spacingtech.com/html/electon/electon/img/blog/home3-blog5.jpg]
[spacingtech.com/html/electon/electon/img/blog/home3-blog6.jpg]
[spacingtech.com/html/electon/electon/img/blog/home3-blog7.jpg]
[spacingtech.com/html/electon/electon/img/blog/home3-blog8.jpg]
[spacingtech.com/html/electon/electon/img/logo/footer-logo3.png]
[spacingtech.com/html/electon/electon/index8.html]
[spacingtech.com/html/electon/electon/img/favicon/favicon2.png]
[spacingtech.com/html/electon/electon/img/logo/logo2.png]
[spacingtech.com/html/electon/electon/img/slider/home2-slider1.jpg]
[spacingtech.com/html/electon/electon/img/slider/home2-mobile-slider1.jpg]
[spacingtech.com/html/electon/electon/img/slider/home2-slider2.jpg]
[spacingtech.com/html/electon/electon/img/slider/home2-mobile-slider2.jpg]
[spacingtech.com/html/electon/electon/img/cart/home2-cat-1.jpg]
[spacingtech.com/html/electon/electon/img/cart/home2-cat-2.jpg]
[spacingtech.com/html/electon/electon/img/cart/home2-cat-3.jpg]
[spacingtech.com/html/electon/electon/img/cart/home2-cat-4.jpg]
[spacingtech.com/html/electon/electon/img/cart/home2-cat-5.jpg]
[spacingtech.com/html/electon/electon/img/cart/home2-cat-6.jpg]
[spacingtech.com/html/electon/electon/img/cart/home2-cat-7.jpg]
[spacingtech.com/html/electon/electon/img/banner/banner1.jpg]
[spacingtech.com/html/electon/electon/img/banner/banner2.jpg]
[spacingtech.com/html/electon/electon/img/service/service-icon1.png]
[spacingtech.com/html/electon/electon/img/service/service-icon2.png]
[spacingtech.com/html/electon/electon/img/service/service-icon3.png]
[spacingtech.com/html/electon/electon/img/service/service-icon4.png]
[spacingtech.com/html/electon/electon/img/banner/full-banner1-1.jpg]
[spacingtech.com/html/electon/electon/img/banner/full-banner1-2.jpg]
[spacingtech.com/html/electon/electon/img/product/home2-p12.jpg]
[spacingtech.com/html/electon/electon/img/blog/home2-blog1.jpg]
[spacingtech.com/html/electon/electon/img/blog/home2-blog2.jpg]
[spacingtech.com/html/electon/electon/img/blog/home2-blog3.jpg]
[spacingtech.com/html/electon/electon/img/blog/home2-blog4.jpg]
[spacingtech.com/html/electon/electon/img/blog/home2-blog5.jpg]
[spacingtech.com/html/electon/electon/img/blog/home2-blog6.jpg]
[spacingtech.com/html/electon/electon/img/blog/home2-blog7.jpg]
[spacingtech.com/html/electon/electon/img/blog/home2-blog8.jpg]
[spacingtech.com/html/electon/electon/img/newsletter/newsletter.jpg]
[spacingtech.com/html/electon/electon/img/logo/home2-footer-logo.png]
[spacingtech.com/html/electon/electon/img/payment/pay-6.jpg]
[spacingtech.com/html/electon/electon/img/cart/mini-cart5.jpg]
[spacingtech.com/html/electon/electon/img/cart/mini-cart6.jpg]
[spacingtech.com/html/electon/electon/img/cart/mini-cart3.jpg]
[spacingtech.com/html/electon/electon/img/cart/mini-cart9.jpg]
[spacingtech.com/html/electon/electon/index9.html]
[spacingtech.com/html/electon/electon/img/blog/blog-big.jpg]
[spacingtech.com/html/electon/electon/img/blog/blog-mini-1.jpg]
[spacingtech.com/html/electon/electon/img/blog/blog-mini-2.jpg]
[spacingtech.com/html/electon/electon/img/blog/blog-mini-3.jpg]
[spacingtech.com/html/electon/electon/img/blog/blog-mini-4.jpg]
[spacingtech.com/html/electon/electon/img/blog/blog1.jpg]
[spacingtech.com/html/electon/electon/img/blog/blog2.jpg]
[spacingtech.com/html/electon/electon/img/blog/blog3.jpg]
[spacingtech.com/html/electon/electon/img/blog/blog4.jpg]
[spacingtech.com/html/electon/electon/img/blog/blog5.jpg]
[spacingtech.com/html/electon/electon/img/blog/blog6.jpg]
[spacingtech.com/html/electon/electon/img/blog/blog7.jpg]
[spacingtech.com/html/electon/electon/img/blog/blog8.jpg]
[spacingtech.com/html/electon/electon/blog-grid.html]
[spacingtech.com/html/electon/electon/blog-grid-without.html]
[spacingtech.com/html/electon/electon/blog-grid-right.html]
[spacingtech.com/html/electon/electon/article-post-without.html]
[spacingtech.com/html/electon/electon/article-post.html]
[spacingtech.com/html/electon/electon/article-post-right.html]
[spacingtech.com/html/electon/electon/contact-us.html]
[spacingtech.com/html/electon/electon/img/about/our-company.png]
[spacingtech.com/html/electon/electon/img/about/team-work.png]
[spacingtech.com/html/electon/electon/img/about/our-mission.png]
[spacingtech.com/html/electon/electon/img/about/our-vision.png]
[spacingtech.com/html/electon/electon/img/about/our-idea.png]
[spacingtech.com/html/electon/electon/img/team/team-1.jpg]
[spacingtech.com/html/electon/electon/img/team/team-2.jpg]
[spacingtech.com/html/electon/electon/img/team/team-3.jpg]
[spacingtech.com/html/electon/electon/img/team/team-4.jpg]
[spacingtech.com/html/electon/electon/about-us.html]
[spacingtech.com/html/electon/electon/img/about/our-company1.jpg]
[spacingtech.com/html/electon/electon/img/about/our-mission2.jpg]
[spacingtech.com/html/electon/electon/img/about/our-vision3.jpg]
[spacingtech.com/html/electon/electon/about-us-2.html]
[spacingtech.com/html/electon/electon/img/about/about-home.jpg]
[spacingtech.com/html/electon/electon/about-us-3.html]
[spacingtech.com/html/electon/electon/order-history.html]
[spacingtech.com/html/electon/electon/profile.html]
[spacingtech.com/html/electon/electon/pro-address.html]
[spacingtech.com/html/electon/electon/pro-wishlist.html]
[spacingtech.com/html/electon/electon/pro-tickets.html]
[spacingtech.com/html/electon/electon/billing-info.html]
[spacingtech.com/html/electon/electon/track-page.html]
[spacingtech.com/html/electon/electon/order-complete.html]
[spacingtech.com/html/electon/electon/contact-us-2.html]
[spacingtech.com/html/electon/electon/checkout-style1.html]
[spacingtech.com/html/electon/electon/checkout-style2.html]
[spacingtech.com/html/electon/electon/checkout-style3.html]
[spacingtech.com/html/electon/electon/cancellation.html]
[spacingtech.com/html/electon/electon/cart-page.html]
[spacingtech.com/html/electon/electon/wishlist-product.html]
[spacingtech.com/html/electon/electon/sitemap.html]
[spacingtech.com/html/electon/electon/img/other-pages/faq.jpg]
[spacingtech.com/html/electon/electon/faq.html]
[spacingtech.com/html/electon/electon/img/payment/pay-7.jpg]
[spacingtech.com/html/electon/electon/img/payment/pay-8.jpg]
[spacingtech.com/html/electon/electon/img/payment/pay-9.jpg]
[spacingtech.com/html/electon/electon/privacy-policy.html]
[spacingtech.com/html/electon/electon/payment-policy.html]
[spacingtech.com/html/electon/electon/img/team/terms.jpg]
[spacingtech.com/html/electon/electon/img/team/mail.jpg]
[spacingtech.com/html/electon/electon/img/team/call.jpg]
[spacingtech.com/html/electon/electon/img/team/location.jpg]
[spacingtech.com/html/electon/electon/terms-condition.html]
[spacingtech.com/html/electon/electon/return-policy.html]
[spacingtech.com/html/electon/electon/404.html]
[spacingtech.com/html/electon/electon/coming-soon.html]
[spacingtech.com/html/electon/electon/create-account.html]
[spacingtech.com/html/electon/electon/wishlist-empty.html]
[spacingtech.com/html/electon/electon/shipping-policy.html]
[spacingtech.com/html/electon/electon/Privacy-policy-2.html]
[spacingtech.com/html/electon/electon/collection-right-2.html]
[spacingtech.com/html/electon/electon/search.html]
[spacingtech.com/html/electon/electon/cart-empty.html]
[spacingtech.com/html/electon/electon/images/icon/icon-zoom.html]
[spacingtech.com/html/electon/electon/font/Feather144f.html]
[spacingtech.com/html/electon/electon/font/Feather144f-2.html]
[spacingtech.com/html/electon/electon/css/owl.video.play.html]
[spacingtech.com/html/electon/electon/css/style2.css]
[spacingtech.com/html/electon/electon/colection.html]
[spacingtech.com/html/electon/electon/blog.html]
[spacingtech.com/html/electon/electon/Page.html]
[spacingtech.com/html/electon/electon/css/style3.css]
[spacingtech.com/html/electon/electon/img/popup/popup-7.html]
[spacingtech.com/html/electon/electon/pro-juice-machine.html]
[spacingtech.com/html/electon/electon/pro-earbuds.html]
[spacingtech.com/html/electon/electon/pro-pendrive.html]
[spacingtech.com/html/electon/electon/about.html]
[spacingtech.com/html/electon/electon/css/style4.css]
[spacingtech.com/html/electon/electon/img/popup/popup6.html]
[spacingtech.com/html/electon/electon/pro-iphone.html]
[spacingtech.com/html/electon/electon/css/style5.css]
[spacingtech.com/html/electon/electon/img/popup/popup-img3.html]
[spacingtech.com/html/electon/electon/img/product/p-big-1.html]
[spacingtech.com/html/electon/electon/img/product/p-big-51.html]
[spacingtech.com/html/electon/electon/img/product/p-big-7.html]
[spacingtech.com/html/electon/electon/img/product/p-big-15.html]
[spacingtech.com/html/electon/electon/img/product/p-big-22.html]
[spacingtech.com/html/electon/electon/css/style6.css]
[spacingtech.com/html/electon/electon/pro-watch.html]
[spacingtech.com/html/electon/electon/pro-camera.html]
[spacingtech.com/html/electon/electon/pro-leptop.html]
[spacingtech.com/html/electon/electon/css/style7.css]
[spacingtech.com/html/electon/electon/account.html]
[spacingtech.com/html/electon/electon/css/style8.css]
[spacingtech.com/html/electon/electon/shipping-policy-2.html]
[spacingtech.com/html/electon/electon/css/style9.css]
[spacingtech.com/html/electon/electon/pro-refrigerator.html]
[spacingtech.com/html/electon/electon/pro-speaker.html]
[spacingtech.com/html/electon/electon/pro-boat.html]
[spacingtech.com/html/electon/electon/pro-headphone.html]
[spacingtech.com/html/electon/electon/search-blog.html]
[spacingtech.com/html/electon/electon/img/about/years.html]
[spacingtech.com/html/electon/electon/img/about/clients.html]
[spacingtech.com/html/electon/electon/img/about/shops.html]
[spacingtech.com/html/electon/electon/img/about/sales.html]
[spacingtech.com/html/electon/electon/change-password.html]
[spacingtech.com/html/electon/electon/product.html]
[spacingtech.com/html/electon/electon/img/policy/Privacy-policy.html]
